2025-10-12 19:24:13,789 [INFO] __main__: ================================================================================
2025-10-12 19:24:13,793 [INFO] __main__: 🚀 STARTING COMPREHENSIVE DATA COLLECTION TEST
2025-10-12 19:24:13,793 [INFO] __main__: 🚀 ЗАПУСК КОМПЛЕКСНОГО ТЕСТА СБОРА ДАННЫХ
2025-10-12 19:24:13,793 [INFO] __main__: ================================================================================
2025-10-12 19:24:13,793 [INFO] __main__: 
🔍 Test 1: Database Connection / Подключение к БД
2025-10-12 19:24:13,823 [INFO] __main__: ✅ Database connected, tables exist
2025-10-12 19:24:13,830 [INFO] __main__:    Current data: 4 listings, 4 prices
2025-10-12 19:24:13,830 [INFO] __main__: 
🔍 Test 2: Payload Loading / Загрузка конфигурации
2025-10-12 19:24:13,836 [ERROR] __main__: ❌ Missing required fields: ['engine_version', 'offer_type', 'deal_type', 'region']
2025-10-12 19:24:13,837 [ERROR] __main__: 
❌ Cannot proceed without valid payload
2025-10-12 19:24:13,837 [INFO] __main__: 
================================================================================
2025-10-12 19:24:13,837 [INFO] __main__: 📊 SUMMARY OF TESTS / ИТОГИ ТЕСТИРОВАНИЯ
2025-10-12 19:24:13,839 [INFO] __main__: ================================================================================
2025-10-12 19:24:13,839 [INFO] __main__: 1. ✅ PASS: Database Connection
2025-10-12 19:24:13,839 [INFO] __main__:    Details: Tables found: ['listing_prices', 'listings']
2025-10-12 19:24:13,839 [INFO] __main__: 2. ❌ FAIL: Payload Loading
2025-10-12 19:24:13,839 [INFO] __main__:    Details: Missing fields: ['engine_version', 'offer_type', 'deal_type', 'region']
2025-10-12 19:24:13,839 [INFO] __main__: ================================================================================
2025-10-12 19:24:13,839 [INFO] __main__: Success Rate: 1/2 (50.0%)
2025-10-12 19:24:13,839 [INFO] __main__: Total Duration: 0.05s
2025-10-12 19:24:13,839 [INFO] __main__: ================================================================================
